Training 100 gens x 100 cars, seed=12345, arch=[7, 10, 4]
TRAIN traffic=random (evolution) | TEST traffic=fixed pattern '1' (3-lane, test-only, never used for selection)
Car maxSpeed=7.0 laneCount=3
Gen 1: best=398 avg=55 worst=0 steps=408 (15.2s)
Gen 2: best=2081 avg=144 worst=0 steps=312 (28.2s)
Gen 3: best=1875 avg=308 worst=0 steps=360 (57.9s)
Gen 4: best=3080 avg=383 worst=0 steps=600 (72.8s)
Gen 5: best=5751 avg=1413 worst=0 steps=689 (91.6s)
  TEST Gen 5 (fixed 3-lane traffic_1, test-only): avg=244 best=1187 dist=1187 passed=0 t=10.0
Gen 6: best=3100 avg=986 worst=0 steps=600 (143.6s)
Gen 7: best=5569 avg=1122 worst=0 steps=705 (169.5s)
Gen 8: best=1919 avg=468 worst=0 steps=600 (190.0s)
Gen 9: best=4290 avg=2283 worst=0 steps=996 (223.7s)
Gen 10: best=1632 avg=338 worst=0 steps=370 (238.2s)
  TEST Gen 10 (fixed 3-lane traffic_1, test-only): avg=267 best=1727 dist=1527 passed=1 t=11.2
Gen 11: best=5369 avg=2083 worst=0 steps=798 (303.0s)
Gen 12: best=1337 avg=322 worst=0 steps=600 (318.8s)
Gen 13: best=1337 avg=316 worst=0 steps=600 (334.0s)
Gen 14: best=2007 avg=552 worst=0 steps=690 (354.5s)
Gen 15: best=3710 avg=385 worst=0 steps=600 (372.9s)
  TEST Gen 15 (fixed 3-lane traffic_1, test-only): avg=247 best=1183 dist=1183 passed=0 t=10.0
Gen 16: best=3524 avg=916 worst=0 steps=453 (415.3s)
Gen 17: best=3085 avg=383 worst=0 steps=941 (436.7s)
Gen 18: best=4404 avg=738 worst=0 steps=1098 (473.3s)
Gen 19: best=6755 avg=1919 worst=0 steps=826 (503.7s)
Gen 20: best=6640 avg=2174 worst=0 steps=1389 (562.4s)
  TEST Gen 20 (fixed 3-lane traffic_1, test-only): avg=266 best=1236 dist=1236 passed=0 t=10.0
Gen 21: best=4100 avg=1190 worst=0 steps=600 (617.7s)
Gen 22: best=4300 avg=646 worst=0 steps=1156 (653.7s)
Gen 23: best=8157 avg=1449 worst=0 steps=852 (682.3s)
Gen 24: best=3125 avg=1024 worst=0 steps=401 (700.2s)
Gen 25: best=1880 avg=377 worst=0 steps=364 (715.3s)
  TEST Gen 25 (fixed 3-lane traffic_1, test-only): avg=282 best=1413 dist=813 passed=3 t=2.6
Gen 26: best=2110 avg=616 worst=0 steps=741 (759.6s)
Gen 27: best=3700 avg=794 worst=0 steps=441 (775.5s)
Gen 28: best=3700 avg=479 worst=0 steps=441 (789.5s)
Gen 29: best=1832 avg=370 worst=0 steps=396 (809.1s)
Gen 30: best=3318 avg=1284 worst=0 steps=399 (831.9s)
  TEST Gen 30 (fixed 3-lane traffic_1, test-only): avg=233 best=904 dist=704 passed=1 t=2.2
Gen 31: best=2077 avg=358 worst=0 steps=368 (867.1s)
Gen 32: best=3901 avg=1603 worst=0 steps=600 (895.4s)
Gen 33: best=2032 avg=243 worst=0 steps=424 (914.5s)
Gen 34: best=1838 avg=274 worst=0 steps=396 (929.0s)
Gen 35: best=2074 avg=891 worst=0 steps=420 (946.4s)
  TEST Gen 35 (fixed 3-lane traffic_1, test-only): avg=283 best=1200 dist=1200 passed=0 t=10.0
Gen 36: best=5371 avg=896 worst=0 steps=632 (986.9s)
Gen 37: best=4662 avg=1578 worst=0 steps=769 (1015.8s)
Gen 38: best=2050 avg=380 worst=0 steps=424 (1034.5s)
Gen 39: best=2248 avg=318 worst=0 steps=343 (1051.8s)
Gen 40: best=4317 avg=682 worst=0 steps=501 (1067.8s)
  TEST Gen 40 (fixed 3-lane traffic_1, test-only): avg=282 best=1176 dist=1176 passed=0 t=10.0
Gen 41: best=4126 avg=1646 worst=0 steps=751 (1120.4s)
Gen 42: best=5360 avg=1496 worst=0 steps=796 (1152.2s)
Gen 43: best=1683 avg=419 worst=0 steps=527 (1170.0s)
Gen 44: best=2517 avg=1200 worst=0 steps=347 (1192.0s)
Gen 45: best=2733 avg=683 worst=0 steps=356 (1208.3s)
  TEST Gen 45 (fixed 3-lane traffic_1, test-only): avg=267 best=2510 dist=1510 passed=5 t=4.0
Gen 46: best=9504 avg=398 worst=0 steps=902 (1252.6s)
Gen 47: best=2039 avg=381 worst=0 steps=690 (1271.2s)
Gen 48: best=4690 avg=1433 worst=0 steps=990 (1301.5s)
Gen 49: best=1487 avg=312 worst=0 steps=364 (1314.7s)
Gen 50: best=3282 avg=1228 worst=0 steps=851 (1340.9s)
  TEST Gen 50 (fixed 3-lane traffic_1, test-only): avg=259 best=1216 dist=1216 passed=0 t=10.0
Gen 51: best=1716 avg=310 worst=0 steps=392 (1381.2s)
Gen 52: best=2749 avg=342 worst=0 steps=898 (1402.9s)
Gen 53: best=5225 avg=1579 worst=0 steps=761 (1428.2s)
Gen 54: best=4845 avg=449 worst=0 steps=771 (1448.3s)
Gen 55: best=4921 avg=368 worst=0 steps=502 (1465.7s)
  TEST Gen 55 (fixed 3-lane traffic_1, test-only): avg=261 best=1183 dist=1183 passed=0 t=10.0
Gen 56: best=3528 avg=539 worst=0 steps=455 (1505.9s)
Gen 57: best=4585 avg=1261 worst=0 steps=638 (1523.5s)
Gen 58: best=5014 avg=1353 worst=0 steps=601 (1548.4s)
Gen 59: best=5554 avg=1876 worst=0 steps=1003 (1575.0s)
Gen 60: best=2518 avg=1079 worst=0 steps=568 (1595.5s)
  TEST Gen 60 (fixed 3-lane traffic_1, test-only): avg=265 best=1402 dist=802 passed=3 t=2.3
Gen 61: best=2575 avg=444 worst=0 steps=502 (1643.0s)
Gen 62: best=1832 avg=272 worst=0 steps=402 (1660.7s)
Gen 63: best=2775 avg=613 worst=0 steps=300 (1679.4s)
Gen 64: best=3087 avg=455 worst=0 steps=440 (1697.6s)
Gen 65: best=5134 avg=2345 worst=0 steps=561 (1732.0s)
  TEST Gen 65 (fixed 3-lane traffic_1, test-only): avg=263 best=951 dist=751 passed=1 t=2.6
Gen 66: best=3248 avg=986 worst=0 steps=810 (1783.0s)
Gen 67: best=5955 avg=616 worst=0 steps=679 (1800.9s)
Gen 68: best=1674 avg=315 worst=0 steps=390 (1818.6s)
Gen 69: best=2613 avg=904 worst=0 steps=751 (1840.0s)
Gen 70: best=5286 avg=2395 worst=0 steps=1053 (1870.9s)
  TEST Gen 70 (fixed 3-lane traffic_1, test-only): avg=181 best=1205 dist=1205 passed=0 t=10.0
Gen 71: best=5009 avg=334 worst=0 steps=1206 (1928.0s)
Gen 72: best=1999 avg=623 worst=0 steps=690 (1947.6s)
Gen 73: best=6555 avg=812 worst=0 steps=679 (1980.1s)
Gen 74: best=4117 avg=1194 worst=0 steps=600 (2005.8s)
Gen 75: best=10998 avg=1435 worst=0 steps=1175 (2044.8s)
  TEST Gen 75 (fixed 3-lane traffic_1, test-only): avg=257 best=2510 dist=1510 passed=5 t=4.0
Gen 76: best=6337 avg=491 worst=0 steps=734 (2084.3s)
Gen 77: best=4208 avg=431 worst=0 steps=546 (2099.1s)
Gen 78: best=1286 avg=310 worst=0 steps=408 (2115.9s)
Gen 79: best=2314 avg=1311 worst=0 steps=644 (2142.1s)
Gen 80: best=2297 avg=478 worst=0 steps=368 (2165.6s)
  TEST Gen 80 (fixed 3-lane traffic_1, test-only): avg=274 best=939 dist=739 passed=1 t=2.5
Gen 81: best=5534 avg=2055 worst=0 steps=685 (2220.1s)
Gen 82: best=2872 avg=880 worst=0 steps=416 (2241.8s)
Gen 83: best=4523 avg=1487 worst=0 steps=792 (2272.9s)
Gen 84: best=4333 avg=1702 worst=0 steps=749 (2298.7s)
Gen 85: best=4525 avg=1407 worst=0 steps=680 (2324.7s)
  TEST Gen 85 (fixed 3-lane traffic_1, test-only): avg=228 best=889 dist=689 passed=1 t=2.3
Gen 86: best=1637 avg=344 worst=0 steps=355 (2358.9s)
Gen 87: best=3501 avg=473 worst=0 steps=442 (2373.9s)
Gen 88: best=2460 avg=480 worst=0 steps=344 (2392.1s)
Gen 89: best=1836 avg=348 worst=0 steps=530 (2405.6s)
